test: Warning:2020/03/26 21:51:33.330908 example.go:9: This is a test
